\BOOKMARK [1][-]{section.1}{Project Scenario}{}% 1
\BOOKMARK [1][-]{section.2}{Methodology}{}% 2
\BOOKMARK [2][-]{subsection.2.1}{Dataset and Preprocessing}{section.2}% 3
\BOOKMARK [2][-]{subsection.2.2}{Collections and Schema Design}{section.2}% 4
\BOOKMARK [1][-]{section.3}{Results}{}% 5
\BOOKMARK [2][-]{subsection.3.1}{Queries}{section.3}% 6
\BOOKMARK [3][-]{subsubsection.3.1.1}{For each trainer, their most successful Pok\351mon}{subsection.3.1}% 7
\BOOKMARK [3][-]{subsubsection.3.1.2}{For each trainer, the gym where they won the most battles}{subsection.3.1}% 8
\BOOKMARK [3][-]{subsubsection.3.1.3}{Most winning trainer}{subsection.3.1}% 9
\BOOKMARK [3][-]{subsubsection.3.1.4}{Most winning pokemon}{subsection.3.1}% 10
\BOOKMARK [3][-]{subsubsection.3.1.5}{Most winning trainer + most winning Pok\351mon \(UNION-style\)}{subsection.3.1}% 11
\BOOKMARK [3][-]{subsubsection.3.1.6}{Gym that hosted the highest number of battles}{subsection.3.1}% 12
\BOOKMARK [3][-]{subsubsection.3.1.7}{For each gym, total number of distinct Pok\351mon that fought there}{subsection.3.1}% 13
\BOOKMARK [3][-]{subsubsection.3.1.8}{Pok\351mon that fought in the most different gyms}{subsection.3.1}% 14
\BOOKMARK [3][-]{subsubsection.3.1.9}{Pok\351mon type with the best winning ratio}{subsection.3.1}% 15
\BOOKMARK [3][-]{subsubsection.3.1.10}{Number of Pok\351mon that are at maximum evolution}{subsection.3.1}% 16
\BOOKMARK [3][-]{subsubsection.3.1.11}{Most powerful Pok\351mon \(by total\) }{subsection.3.1}% 17
\BOOKMARK [3][-]{subsubsection.3.1.12}{Most powerful Pok\351mon for each type}{subsection.3.1}% 18
\BOOKMARK [3][-]{subsubsection.3.1.13}{Group all Pok\351mon of type Water}{subsection.3.1}% 19
\BOOKMARK [3][-]{subsubsection.3.1.14}{Gyms and their type specialization}{subsection.3.1}% 20
\BOOKMARK [2][-]{subsection.3.2}{Editing Commands}{section.3}% 21
\BOOKMARK [1][-]{section.4}{Discussion}{}% 22
\BOOKMARK [1][-]{section.5}{Conclusion}{}% 23
